<html>
<body>
<pre>
<h1>µVision Build Log</h1>
<h2>Tool Versions:</h2>
IDE-Version: ¦ÌVision V5.14.0.0
Copyright (C) 2015 ARM Ltd and ARM Germany GmbH. All rights reserved.
License Information: Hong Karl, personal, LIC=50D7S-LYI7A-9ZPWW-QGC04-Q26WG-8QL76
 
Tool Versions:
Toolchain:       MDK-ARM Professional  Version: 5.14.0.0
Toolchain Path:  E:\Program Files (x86)\Keil_v5\ARM\ARMCC\Bin
C Compiler:      Armcc.exe V5.05 update 1 (build 106)
Assembler:       Armasm.exe V5.05 update 1 (build 106)
Linker/Locator:  ArmLink.exe V5.05 update 1 (build 106)
Library Manager: ArmAr.exe V5.05 update 1 (build 106)
Hex Converter:   FromElf.exe V5.05 update 1 (build 106)
CPU DLL:         SARMCM3.DLL V5.14.0.0
Dialog DLL:      DARMCM1.DLL V1.12.0.0
Target DLL:      STLink\ST-LINKIII-KEIL_SWO.dll V2.0.14.0_KEIL
Dialog DLL:      TARMCM1.DLL V1.9.0.0
 
<h2>Project:</h2>
F:\experience\magazineLock\magazineLock\MDK-ARM\magazineLock.uvprojx
Project File Date:  10/26/2022

<h2>Output:</h2>
Build target 'magazineLock'
compiling main.c...
compiling gpio.c...
compiling tim.c...
compiling usart.c...
compiling AiP650.c...
..\App\Src\AiP650.c(33): warning:  #1295-D: Deprecated declaration I2C_Read_Byte - give arg types
  static uint8_t I2C_Read_Byte();
..\App\Src\AiP650.c(157): warning:  #177-D: function "I2C_Wait_Ack" was declared but never referenced
  static void I2C_Wait_Ack(void)
..\App\Src\AiP650.c(267): warning:  #177-D: function "I2C_Read_Byte" was declared but never referenced
  static uint8_t I2C_Read_Byte()
..\App\Src\AiP650.c: 3 warnings, 0 errors
compiling HX711.c...
..\App\Src\HX711.c(31): warning:  #177-D: variable "abs_data" was declared but never referenced
              uint32_t abs_data = 0;
..\App\Src\HX711.c: 1 warning, 0 errors
compiling led.c...
..\App\Src\led.c(22): warning:  #223-D: function "printf" declared implicitly
                        printf("Error: led %d not found!\r\n", led);
..\App\Src\led.c: 1 warning, 0 errors
compiling lock.c...
compiling user_data.c...
..\App\Src\user_data.c(542): warning:  #177-D: label "out" was declared but never referenced
  out:
..\App\Src\user_data.c(575): warning:  #177-D: label "out" was declared but never referenced
  out:
..\App\Src\user_data.c(605): warning:  #177-D: label "out" was declared but never referenced
  out:
..\App\Src\user_data.c(635): warning:  #177-D: label "out" was declared but never referenced
  out:
..\App\Src\user_data.c(1069): warning:  #223-D: function "memset" declared implicitly
      memset((uint8_t *)&lock, 0, sizeof(lock));
..\App\Src\user_data.c: 5 warnings, 0 errors
compiling user_protocol.c...
linking...
Program Size: Code=17820 RO-data=2488 RW-data=68 ZI-data=2700  
FromELF: creating hex file...
"magazineLock\magazineLock.axf" - 0 Error(s), 10 Warning(s).

<h2>Software Packages used:</h2>

Package Vendor: ARM
                http://www.keil.com/pack/ARM.CMSIS.4.2.0.pack
                ARM::CMSIS:CORE:3.40.0
                CMSIS (Cortex Microcontroller Software Interface Standard)
   * Component: CORE Version: 3.40.0

<h2>Collection of Component include folders:</h2>
  F:\experience\magazineLock\magazineLock\MDK-ARM\RTE
  E:\Program Files (x86)\Keil_v5\ARM\PACK\ARM\CMSIS\4.2.0\CMSIS\Include
  E:\Program Files (x86)\Keil_v5\ARM\PACK\Keil\STM32F0xx_DFP\2.0.0

<h2>Collection of Component Files used:</h2>

   * Component: ARM::CMSIS:CORE:3.40.0
      Source file:   CMSIS\UserCodeTemplates\ARM\ITM_Retarget.c
</pre>
</body>
</html>
